// Jest Snapshot v1, https://goo.gl/fbAQLP

exports[`AirQualitySummaries renders correctly 1`] = `
<DocumentFragment>
  <div
    class="summaries"
  >
    <div
      class="summary"
    >
      <div
        class="button-div"
      >
        <button
          class="delete-button"
          type="submit"
        >
          <svg
            aria-hidden="true"
            class="MuiSvgIcon-root"
            focusable="false"
            viewBox="0 0 24 24"
          >
            <path
              d="M19 6.41L17.59 5 12 10.59 6.41 5 5 6.41 10.59 12 5 17.59 6.41 19 12 13.41 17.59 19 19 17.59 13.41 12z"
            />
          </svg>
        </button>
      </div>
      <p
        class="date"
      >
        UPDATED
            8 MONTHS AGO
      </p>
      <p
        class="location"
      >
        Leeds Centre
      </p>
      <p
        class="city"
      >
        in Leeds, United Kingdom
      </p>
      <p
        class="values"
      >
        Values: PM10: 9, S02: 10
      </p>
    </div>
    <div
      class="summary"
    >
      <div
        class="button-div"
      >
        <button
          class="delete-button"
          type="submit"
        >
          <svg
            aria-hidden="true"
            class="MuiSvgIcon-root"
            focusable="false"
            viewBox="0 0 24 24"
          >
            <path
              d="M19 6.41L17.59 5 12 10.59 6.41 5 5 6.41 10.59 12 5 17.59 6.41 19 12 13.41 17.59 19 19 17.59 13.41 12z"
            />
          </svg>
        </button>
      </div>
      <p
        class="date"
      >
        UPDATED
            6 MONTHS AGO
      </p>
      <p
        class="location"
      >
        Manchester Centre
      </p>
      <p
        class="city"
      >
        in Manchester, United Kingdom
      </p>
      <p
        class="values"
      >
        Values: C02: 11, PM10: 15
      </p>
    </div>
  </div>
</DocumentFragment>
`;
